node.exe : 
testPathPattern:
At line:1 char:1
+ & "C:\Program Files\
nodejs/node.exe" 
"C:\Program 
Files\nodejs/node_mo 
...
+ ~~~~~~~~~~~~~~~~~~~~
~~~~~~~~~~~~~~~~~~~~~~
~~~~~~~~~~~~~~~~~~~~~~
~~~~~
    + CategoryInfo    
          : NotSpeci  
  fied: (testPathPa   
 ttern::String) []    
, RemoteException
    + FullyQualifiedE 
   rrorId : NativeCo  
  mmandError
 

  Option 
"testPathPattern" was 
replaced by 
"--testPathPatterns". 
"--testPathPatterns" 
is only available as 
a command-line option.
  
  Please update your 
configuration.

  CLI Options 
Documentation:
  https://jestjs.io/do
cs/cli

